>>> matrix_mul = __import__('100-matrix_mul').matrix_mul
>>> matrix_mul([[1, 2], [3, 4]], [[1, 2], [3, 4]])
[[7, 10], [15, 22]]

>>> matrix_mul([[1, 2]], [[3, 4], [5, 6]])
[[13, 16]]

>>> matrix_mul([[1, "ahmed"]], [[3, 4], [5, 6]])
Traceback (most recent call last):
TypeError: m_a should contain only integers or floats

>>> matrix_mul([[1, 5, 3]], [[3, 4], [5, 6]])
Traceback (most recent call last):
ValueError: m_a and m_b can't be multiplied

>>> matrix_mul(5, [[3, 4], [5, 6]])
Traceback (most recent call last):
TypeError: m_a must be a list

>>> matrix_mul([1, 2, 3], [[3, 4], [5, 6]])
Traceback (most recent call last):
TypeError: m_a must be a list of lists
